001:016:1
And:1
God:1
made:1
two:1
great:1
lights;:1
the:1
greater:1
light:1
to:1
rule:1
the:1
day,:1
and:1
the:1
lesser:1
light:1
to:1
rule:1
the:1
night::1
he:1
made:1
the:1
stars:1
also.:1
001:017:1
And:1
God:1
set:1
them:1
in:1
the:1
firmament:1
of:1
the:1
heaven:1
to:1
give:1
light:1
upon:1
the:1
earth,:1
001:018:1
And:1
to:1
rule:1
over:1
the:1
day:1
and:1
over:1
the:1
night,:1
and:1
to:1
divide:1
the:1
light:1
from:1
the:1
darkness::1
and:1
God:1
saw:1
that:1
it:1
was:1
good.:1
001:019:1
And:1
the:1
evening:1
and:1
the:1
morning:1
were:1
the:1
fourth:1
day.:1
001:020:1
And:1
God:1
said,:1
Let:1
the:1
waters:1
bring:1
forth:1
abundantly:1
the:1
moving:1
creature:1
that:1
hath:1
life,:1
and:1
fowl:1
that:1
may:1
fly:1
above:1
the:1
earth:1
in:1
the:1
open:1
firmament:1
of:1
heaven.:1
001:021:1
And:1
God:1
created:1
great:1
whales,:1
and:1
every:1
living:1
creature:1
that:1
moveth,:1
which:1
the:1
waters:1
brought:1
forth:1
abundantly,:1
after:1
their:1
kind,:1
and:1
every:1
winged:1
fowl:1
after:1
his:1
kind::1
and:1
God:1
saw:1
that:1
it:1
was:1
good.:1
001:022:1
And:1
God:1
blessed:1
them,:1
saying,:1
Be:1
fruitful,:1
and:1
multiply,:1
and:1
fill:1
the:1
waters:1
in:1
the:1
seas,:1
and:1
let:1
fowl:1
multiply:1
in:1
the:1
earth.:1
001:023:1
And:1
the:1
evening:1
and:1
the:1
morning:1
were:1
the:1
fifth:1
day.:1
001:024:1
And:1
God:1
said,:1
Let:1
the:1
earth:1
bring:1
forth:1
the:1
living:1
creature:1
after:1
his:1
kind,:1
cattle,:1
and:1
creeping:1
thing,:1
and:1
beast:1
of:1
the:1
earth:1
after:1
his:1
kind::1
and:1
it:1
was:1
so.:1
001:025:1
And:1
God:1
made:1
the:1
beast:1
of:1
the:1
earth:1
after:1
his:1
kind,:1
and:1
cattle:1
after:1
their:1
kind,:1
and:1
every:1
thing:1
that:1
creepeth:1
upon:1
the:1
earth:1
after:1
his:1
kind::1
and:1
God:1
saw:1
that:1
it:1
was:1
good.:1
001:026:1
And:1
God:1
said,:1
Let:1
us:1
make:1
man:1
in:1
our:1
image,:1
after:1
our:1
likeness::1
and:1
let:1
them:1
have:1
dominion:1
over:1
the:1
fish:1
of:1
the:1
sea,:1
and:1
over:1
the:1
fowl:1
of:1
the:1
air,:1
and:1
over:1
the:1
cattle,:1
and:1
over:1
all:1
the:1
earth,:1
and:1
over:1
every:1
creeping:1
thing:1
that:1
creepeth:1
upon:1
the:1
earth.:1
001:027:1
So:1
God:1
created:1
man:1
in:1
his:1
own:1
image,:1
in:1
the:1
image:1
of:1
God:1
created:1
he:1
him;:1
male:1
and:1
female:1
created:1
he:1
them.:1
001:028:1
And:1
God:1
blessed:1
them,:1
and:1
God:1
said:1
unto:1
them,:1
Be:1
fruitful,:1
and:1
multiply,:1
and:1
replenish:1
the:1
earth,:1
and:1
subdue:1
it::1
and:1
have:1
dominion:1
over:1
the:1
fish:1
of:1
the:1
sea,:1
and:1
over:1
the:1
fowl:1
of:1
the:1
air,:1
and:1
over:1
every:1
living:1
thing:1
that:1
moveth:1
upon:1
the:1
earth.:1
001:029:1
And:1
God:1
said,:1
Behold,:1
I:1
have:1
given:1
you:1
every:1
herb:1
bearing:1
seed,:1
which:1
is:1
upon:1
the:1
face:1
of:1
all:1
the:1
earth,:1
and:1
every:1
tree,:1
in:1
the:1
which:1
is:1
the:1
fruit:1
of:1
a:1
tree:1
yielding:1
seed;:1
to:1
you:1
it:1
shall:1
be:1
for:1
meat.:1
001:030:1
And:1
to:1
every:1
beast:1
of:1
the:1
earth,:1
and:1
to:1
every:1
fowl:1
of:1
the:1
air,:1
and:1
to:1
every:1
thing:1
that:1
creepeth:1
upon:1
the:1
earth,:1
wh:1
